# Change codes `jfast upgrade --check --json` must report for the project
# scripts/smoke_upgrade.sh generates with the previous release. One per line;
# `#` starts a comment. The set must match exactly: a code missing means a
# detector stopped seeing its case, a code extra means one started seeing a
# case that is not there.
#
# The project: jfast new service shop --with database,auth,tenancy,metrics,rag,queue
# and one module per layout (modular, screaming, hexagonal, layered).
#
# 0.1.0a11 -> 0.1.0a12. The project has tenancy on, and every public.py
# 0.1.0a11 generated takes `tenant_id: str | None` -- None builds an unscoped
# repository. It has auth and tenancy with sources = ["token", "subdomain"]
# and base_domain = "localhost", so a subdomain no longer grants a tenant
# without a session. No local storage disk and no --unique over an optional
# field, so those two a12 notes stay quiet. Its [app] says env = "local",
# which JFAST_ENV now beats.
facade-tenant-optional
jfast-env-wins-over-the-file
unsigned-tenant-needs-a-session
